[atechnologies.co.in/index.html]
[backblue.gif]
[fade.gif]
[index.html]
[atechnologies.co.in/vendor/bootstrap/css/bootstrap.min.css]
[atechnologies.co.in/css/animate.css]
[atechnologies.co.in/vendor/themify/themify.css]
[atechnologies.co.in/vendor/scrollbar/scrollbar.min.css]
[atechnologies.co.in/vendor/swiper/swiper.min.css]
[atechnologies.co.in/vendor/cubeportfolio/css/cubeportfolio.min.css]
[atechnologies.co.in/css/style.css]
[atechnologies.co.in/css/global/global.css]
[atechnologies.co.in/img/atechlogo.png]
[atechnologies.co.in/index-2.html]
[atechnologies.co.in/img/atechlogo1.png]
[atechnologies.co.in/php-course.html]
[atechnologies.co.in/php-advance-course.html]
[pagead2.googlesyndication.com/pagead/js/f.txt]
[atechnologies.co.in/cyber-security-course.html]
[atechnologies.co.in/cita-course.html]
[atechnologies.co.in/photography.html]
[atechnologies.co.in/register.html]
[atechnologies.co.in/teacher-reg.html]
[atechnologies.co.in/teacher-required.html]
[atechnologies.co.in/img/training/Banner.jpg]
[atechnologies.co.in/img/training/Student-Registration-Form(Universal).pdf]
[atechnologies.co.in/img/training/Final Center  Brochure(Colour).pdf]
[atechnologies.co.in/contacts.html]
[atechnologies.co.in/img/1920x1080/06.jpg]
[atechnologies.co.in/img/1920x1080/01.jpg]
[atechnologies.co.in/img/1920x1080/16.jpg]
[atechnologies.co.in/free-course.html]
[atechnologies.co.in/img/1920x1080/pace-oregon-state-html-css-coding-web-design.jpg]
[atechnologies.co.in/img/970x970/03.jpg]
[atechnologies.co.in/img/970x647/05.jpg]
[atechnologies.co.in/img/970x647/06.jpg]
[atechnologies.co.in/img/970x647/07.jpg]
[atechnologies.co.in/img/970x647/08.jpg]
[atechnologies.co.in/img/970x647/09.jpg]
[atechnologies.co.in/img/970x647/04.jpg]
[atechnologies.co.in/img/1920x1080/04.jpg]
[atechnologies.co.in/img/clients/01-dark.png]
[atechnologies.co.in/img/clients/02-dark.png]
[atechnologies.co.in/img/clients/03-dark.png]
[atechnologies.co.in/img/clients/04-dark.png]
[atechnologies.co.in/img/clients/05-dark.png]
[atechnologies.co.in/vendor/jquery.min.js]
[atechnologies.co.in/vendor/jquery.migrate.min.js]
[atechnologies.co.in/vendor/bootstrap/js/bootstrap.min.js]
[atechnologies.co.in/vendor/jquery.smooth-scroll.min.js]
[atechnologies.co.in/vendor/jquery.back-to-top.min.js]
[atechnologies.co.in/vendor/scrollbar/jquery.scrollbar.min.js]
[atechnologies.co.in/vendor/vidbg.min.js]
[atechnologies.co.in/vendor/cubeportfolio/js/jquery.cubeportfolio.min.js]
[atechnologies.co.in/vendor/waypoint.min.js]
[atechnologies.co.in/vendor/counterup.min.js]
[atechnologies.co.in/vendor/swiper/swiper.jquery.min.js]
[atechnologies.co.in/vendor/jquery.wow.min.js]
[atechnologies.co.in/vendor/jquery.parallax.min.js]
[atechnologies.co.in/js/global.min.js]
[atechnologies.co.in/js/components/header-sticky.min.js]
[atechnologies.co.in/js/components/portfolio-4-col-slider.min.js]
[atechnologies.co.in/js/components/swiper.min.js]
[atechnologies.co.in/index.html]
[atechnologies.co.in/vendor/bootstrap/fonts/glyphicons-halflings-regular.eot]
[atechnologies.co.in/vendor/bootstrap/fonts/glyphicons-halflings-regular.woff2]
[atechnologies.co.in/vendor/bootstrap/fonts/glyphicons-halflings-regular.woff]
[atechnologies.co.in/vendor/bootstrap/fonts/glyphicons-halflings-regulard41d.eot]
[atechnologies.co.in/vendor/bootstrap/fonts/glyphicons-halflings-regular.svg]
[atechnologies.co.in/vendor/bootstrap/css/bootstrap.min.css]
[atechnologies.co.in/css/animate.css]
[atechnologies.co.in/vendor/bootstrap/fonts/glyphicons-halflings-regular.ttf]
[atechnologies.co.in/vendor/themify/fonts/themify9f24.eot]
[atechnologies.co.in/vendor/themify/fonts/themify9f24.woff]
[atechnologies.co.in/vendor/themify/fonts/themifyd41d.eot]
[atechnologies.co.in/vendor/themify/fonts/themify9f24.svg]
[atechnologies.co.in/vendor/themify/themify.css]
[atechnologies.co.in/vendor/scrollbar/scrollbar.min.css]
[atechnologies.co.in/vendor/swiper/swiper.min.css]
[atechnologies.co.in/vendor/cubeportfolio/img/cbp-sprite.png]
[atechnologies.co.in/vendor/cubeportfolio/css/cubeportfolio.min.css]
[atechnologies.co.in/vendor/themify/fonts/themify9f24.ttf]
[atechnologies.co.in/img/widgets/worldmap.png]
[atechnologies.co.in/css/style.css]
[atechnologies.co.in/css/global/global.css]
[atechnologies.co.in/index-2.html]
[atechnologies.co.in/php-course.html]
[atechnologies.co.in/php-advance-course.html]
[atechnologies.co.in/img/training/cyber-security/2.jpg]
[atechnologies.co.in/img/training/cyber-security/4.jpg]
[atechnologies.co.in/cyber-security-course.html]
[atechnologies.co.in/img/training/cita/CITA-FRANSCHISE.pdf]
[atechnologies.co.in/cita-course.html]
[atechnologies.co.in/img/training/photography/photography.jpg]
[atechnologies.co.in/photography.html]
[atechnologies.co.in/register.html]
[unpkg.com/sweetalert@2.1.2/dist/sweetalert.min.js]
[atechnologies.co.in/img/mockups/pencil-01.png]
[atechnologies.co.in/teacher-reg.html]
[ajax.googleapis.com/ajax/libs/jquery/3.3.1/jquery.min.js]
[atechnologies.co.in/teacher-required.html]
[atechnologies.co.in/contacts.html]
[atechnologies.co.in/free-course.html]
[atechnologies.co.in/img/1920x1080/15.jpg]
[atechnologies.co.in/img/1920x1080/07.jpg]
[atechnologies.co.in/vendor/jquery.min.js]
[atechnologies.co.in/vendor/jquery.migrate.min.js]
[atechnologies.co.in/training-centers]
[atechnologies.co.in/vendor/bootstrap/js/bootstrap.min.js]
[atechnologies.co.in/vendor/jquery.smooth-scroll.min.js]
[atechnologies.co.in/vendor/jquery.back-to-top.min.js]
[atechnologies.co.in/vendor/scrollbar/jquery.scrollbar.min.js]
[atechnologies.co.in/vendor/vidbg.min.js]
[atechnologies.co.in/vendor/cubeportfolio/js/jquery.cubeportfolio.min.js]
[atechnologies.co.in/vendor/waypoint.min.js]
[atechnologies.co.in/vendor/counterup.min.js]
[atechnologies.co.in/vendor/swiper/swiper.jquery.min.js]
[atechnologies.co.in/vendor/jquery.wow.min.js]
[atechnologies.co.in/vendor/jquery.parallax.min.js]
[atechnologies.co.in/js/global.min.js]
[atechnologies.co.in/js/components/header-sticky.min.js]
[atechnologies.co.in/js/components/scrollbar.min.js]
[atechnologies.co.in/js/components/portfolio-4-col-slider.min.js]
[atechnologies.co.in/js/components/counter.min.js]
[atechnologies.co.in/js/components/swiper.min.js]
[atechnologies.co.in/js/components/wow.min.js]
[atechnologies.co.in/vendor/bootstrap/fonts/glyphicons-halflings-regular.svg]
[atechnologies.co.in/vendor/themify/fonts/themify9f24.svg]
[atechnologies.co.in/img/training/cyber-security/3.jpg]
[atechnologies.co.in/img/mockups/devices-01.png]
[atechnologies.co.in/img/fee-structure/fee-structure.pdf]
[atechnologies.co.in/training-centers]
[atechnologies.co.in/faq]
